============================= test session starts ==============================
platform linux -- Python 3.13.13, pytest-9.0.2, pluggy-1.6.0 -- /home/mark/projects/stanford-cs336/assignment1-basics/.venv/bin/python
cachedir: .pytest_cache
rootdir: /home/mark/projects/stanford-cs336/assignment1-basics
configfile: pyproject.toml
plugins: timeout-2.4.0, jaxtyping-0.3.9
collecting ... collected 3 items

tests/test_train_bpe.py::test_train_bpe_speed PASSED
tests/test_train_bpe.py::test_train_bpe FAILED
tests/test_train_bpe.py::test_train_bpe_special_tokens FAILED

=================================== FAILURES ===================================
________________________________ test_train_bpe ________________________________

    def test_train_bpe():
        input_path = FIXTURES_PATH / "corpus.en"
        vocab, merges = run_train_bpe(
            input_path=input_path,
            vocab_size=500,
            special_tokens=["<|endoftext|>"],
        )
    
        # Path to the reference tokenizer vocab and merges
        reference_vocab_path = FIXTURES_PATH / "train-bpe-reference-vocab.json"
        reference_merges_path = FIXTURES_PATH / "train-bpe-reference-merges.txt"
    
        # Compare the learned merges to the expected output merges
        gpt2_byte_decoder = {v: k for k, v in gpt2_bytes_to_unicode().items()}
        with open(reference_merges_path, encoding="utf-8") as f:
            gpt2_reference_merges = [tuple(line.rstrip().split(" ")) for line in f]
            reference_merges = [
                (
                    bytes([gpt2_byte_decoder[token] for token in merge_token_1]),
                    bytes([gpt2_byte_decoder[token] for token in merge_token_2]),
                )
                for merge_token_1, merge_token_2 in gpt2_reference_merges
            ]
>       assert merges == reference_merges
E       AssertionError: assert [(b' ', b't')...', b't'), ...] == [(b' ', b't')...', b'e'), ...]
E         
E         At index 1 diff: (b' ', b't') != (b' ', b'a')
E         
E         Full diff:
E           [
E               (
E                   b' ',...
E         
E         ...Full output truncated (1931 lines hidden), use '-vv' to show

tests/test_train_bpe.py:50: AssertionError
________________________ test_train_bpe_special_tokens _________________________

snapshot = <tests.conftest.Snapshot object at 0x7a6480919160>

    def test_train_bpe_special_tokens(snapshot):
        """
        Ensure that the special tokens are added to the vocabulary and not
        merged with other tokens.
        """
        input_path = FIXTURES_PATH / "tinystories_sample_5M.txt"
        vocab, merges = run_train_bpe(
            input_path=input_path,
            vocab_size=1000,
            special_tokens=["<|endoftext|>"],
        )
    
        # Check that the special token is not in the vocab
        vocabs_without_specials = [word for word in vocab.values() if word != b"<|endoftext|>"]
        for word_bytes in vocabs_without_specials:
            assert b"<|" not in word_bytes
    
>       snapshot.assert_match(
            {
                "vocab_keys": set(vocab.keys()),
                "vocab_values": set(vocab.values()),
                "merges": merges,
            },
        )

tests/test_train_bpe.py:82: 
_ _ _ _ _ _ _ _ _ _ _ _ _ _ _ _ _ _ _ _ _ _ _ _ _ _ _ _ _ _ _ _ _ _ _ _ _ _ _ _ 

self = <tests.conftest.Snapshot object at 0x7a6480919160>
actual = {'merges': [(b'h', b'e'), (b' ', b't'), (b' ', b't'), (b' ', b't'), (b' ', b'a'), (b' ', b'a'), ...], 'vocab_keys': {0, 1, 2, 3, 4, 5, ...}, 'vocab_values': {b'\x00', b'\x01', b'\x02', b'\x03', b'\x04', b'\x05', ...}}
test_name = 'test_train_bpe_special_tokens', force_update = False

    def assert_match(
        self,
        actual: A | dict[str, A],
        test_name: str | type[DEFAULT] = DEFAULT,
        force_update: bool | type[DEFAULT] = DEFAULT,
    ):
        """
        Assert that the actual data matches the snapshot.
        Args:
            actual: Single object or dictionary of named objects
            test_name: The name of the test (used for the snapshot file)
            force_update: If True, update the snapshot instead of comparing
        """
    
        if force_update is DEFAULT:
            force_update = self.default_force_update
        if test_name is DEFAULT:
            assert self.default_test_name is not None, "Test name must be provided or set as default"
            test_name = self.default_test_name
    
        snapshot_path = self._get_snapshot_path(test_name)
    
        # Load the snapshot
        with open(snapshot_path, "rb") as f:
            expected_data = pickle.load(f)
    
        if isinstance(actual, dict):
            for key in actual:
                if key not in expected_data:
                    raise AssertionError(f"Key '{key}' not found in snapshot for {test_name}")
>               assert actual[key] == expected_data[key], (
                    f"Data for key '{key}' does not match snapshot for {test_name}"
                )
E               AssertionError: Data for key 'vocab_values' does not match snapshot for test_train_bpe_special_tokens
E               assert {b'\x00', b'\... b'\x05', ...} == {b'\x00', b'\... b'\x05', ...}
E                 
E                 Extra items in the left set:
E                 b'th'
E                 Extra items in the right set:
E                 b'ad'
E                 b' Tom'
E                 b' bu'...
E                 
E                 ...Full output truncated (1719 lines hidden), use '-vv' to show

tests/conftest.py:143: AssertionError
=========================== short test summary info ============================
FAILED tests/test_train_bpe.py::test_train_bpe - AssertionError: assert [(b' ...
FAILED tests/test_train_bpe.py::test_train_bpe_special_tokens - AssertionErro...
========================= 2 failed, 1 passed in 3.16s ==========================
